
> duacriativa_improvement@0.1.0 build
> next build

  Ôû▓ Next.js 14.2.35

   Creating an optimized production build ...
node.exe :  ÔÜá Found 
lockfile missing swc 
dependencies, patching...
No linha:1 caractere:1
+ & "C:\Program 
Files\nodejs/node.exe" 
"C:\Program 
Files\nodejs/node_mo ...
+ ~~~~~~~~~~~~~~~~~~~~~~~~~
~~~~~~~~~~~~~~~~~~~~~~~~~~~
~~~~~~~~~~~~~~~~~
    + CategoryInfo         
     : NotSpecifi    ed: ( 
ÔÜá Found lo    ck...es, 
patching.    ..:String) 
[], Rem    oteException
    + FullyQualifiedEr    
rorId : NativeComm    
andError
 
 Ô¿» Failed to patch 
lockfile, please try 
uninstalling and 
reinstalling next in this 
workspace
TypeError: Cannot read 
properties of undefined 
(reading 'os')
    at fetchPkgInfo (C:\Use
rs\Cliente\node_modules\nex
t\dist\lib\patch-incorrect-
lockfile.js:73:25)
    at process.processTicks
AndRejections (node:interna
l/process/task_queues:103:5
)
    at async Promise.all 
(index 0)
    at async 
patchIncorrectLockfile (C:\
Users\Cliente\node_modules\
next\dist\lib\patch-incorre
ct-lockfile.js:162:26)
Failed to compile.

app\layout.tsx
An error occurred in 
`next/font`.

Error: Cannot find module 
'@tailwindcss/postcss'
Require stack:
- C:\Users\Cliente\node_mod
ules\next\dist\build\webpac
k\config\blocks\css\plugins
.js
- C:\Users\Cliente\node_mod
ules\next\dist\build\webpac
k\config\blocks\css\index.j
s
- C:\Users\Cliente\node_mod
ules\next\dist\build\webpac
k\config\index.js
- C:\Users\Cliente\node_mod
ules\next\dist\build\webpac
k-config.js
- C:\Users\Cliente\node_mod
ules\next\dist\build\webpac
k-build\impl.js
- C:\Users\Cliente\node_mod
ules\next\dist\compiled\jes
t-worker\processChild.js
    at Module.<anonymous> (
node:internal/modules/cjs/l
oader:1448:15)
    at C:\Users\Cliente\nod
e_modules\next\dist\server\
require-hook.js:55:36
    at require.resolve (nod
e:internal/modules/helpers:
163:19)
    at loadPlugin (C:\Users
\Cliente\node_modules\next\
dist\build\webpack\config\b
locks\css\plugins.js:49:32)
    at C:\Users\Cliente\nod
e_modules\next\dist\build\w
ebpack\config\blocks\css\pl
ugins.js:157:56
    at Array.map 
(<anonymous>)
    at getPostCssPlugins (C
:\Users\Cliente\node_module
s\next\dist\build\webpack\c
onfig\blocks\css\plugins.js
:157:47)
    at async C:\Users\Clien
te\node_modules\next\dist\b
uild\webpack\config\blocks\
css\index.js:124:36
    at async C:\Users\Clien
te\node_modules\next\dist\b
uild\webpack\loaders\next-f
ont-loader\index.js:86:33
    at async 
Span.traceAsyncFn (C:\Users
\Cliente\node_modules\next\
dist\trace\trace.js:154:20)

./components/Clients.tsx
Module not found: Can't 
resolve 'framer-motion'

https://nextjs.org/docs/mes
sages/module-not-found

./components/Hero.tsx
Module not found: Can't 
resolve 'framer-motion'

https://nextjs.org/docs/mes
sages/module-not-found

./components/Hero.tsx
Module not found: Can't 
resolve 'lucide-react'

https://nextjs.org/docs/mes
sages/module-not-found

./components/Methodology.ts
x
Module not found: Can't 
resolve 'framer-motion'

https://nextjs.org/docs/mes
sages/module-not-found


> Build failed because of 
webpack errors
